// Jest Snapshot v1, https://goo.gl/fbAQLP

exports[`App renders correctly 1`] = `
<DocumentFragment>
  <div
    class="weather-app"
  >
    <h1>
      loading...
    </h1>
    <form
      class="search-form"
    >
      <input
        class="input-field"
        placeholder="Enter city..."
        type="text"
        value=""
      />
      <button
        class="search-button"
        data-testid="button-text"
        type="submit"
      >
        Search
      </button>
    </form>
    <div
      class="forecast-summaries frosted-glass"
    />
  </div>
</DocumentFragment>
`;
